// Jest Snapshot v1, https://goo.gl/fbAQLP

exports[`Correctly Increments the Counter 1`] = `
<button
  id="counter"
  onClick={[Function]}
>
  Count: 
  0
</button>
`;

exports[`Renders Without Crashing 1`] = `
<button
  id="counter"
  onClick={[Function]}
>
  Count: 
  0
</button>
`;
